// Jest Snapshot v1, https://goo.gl/fbAQLP

exports[`choose file form 1`] = `Promise {}`;

exports[`choose webapi form 1`] = `Promise {}`;

exports[`file form return data 1`] = `Promise {}`;

exports[`main form 1`] = `Promise {}`;

exports[`webapi form return data 1`] = `Promise {}`;
